<testsuites name="results">
  <testsuite name="all" package="all">
    <property name="random_seed" value="1761334930" />
    <testcase name="test_1_reset_observed_on_oscilloscope" classname="test_inspectable_buffer_loader_oscilloscope_only" file="/Users/johnycsh/volo_codes/volo_vhdl/tests/test_inspectable_buffer_loader_oscilloscope_only.py" lineno="147" time="0.005526065826416016" sim_time_ns="40.0" ratio_time="7238.42264216067" />
    <testcase name="test_2_observe_state_transition_idle_to_loading" classname="test_inspectable_buffer_loader_oscilloscope_only" file="/Users/johnycsh/volo_codes/volo_vhdl/tests/test_inspectable_buffer_loader_oscilloscope_only.py" lineno="183" time="0.00037217140197753906" sim_time_ns="70.0" ratio_time="188085.38116591927" />
    <testcase name="test_3_monitor_chunk_writing_progress" classname="test_inspectable_buffer_loader_oscilloscope_only" file="/Users/johnycsh/volo_codes/volo_vhdl/tests/test_inspectable_buffer_loader_oscilloscope_only.py" lineno="224" time="0.0008440017700195312" sim_time_ns="160.0" ratio_time="189573.06214689265" />
    <testcase name="test_4_complete_buffer_load_oscilloscope_only" classname="test_inspectable_buffer_loader_oscilloscope_only" file="/Users/johnycsh/volo_codes/volo_vhdl/tests/test_inspectable_buffer_loader_oscilloscope_only.py" lineno="283" time="0.0009350776672363281" sim_time_ns="170.0" ratio_time="181803.08006119326" />
    <testcase name="test_5_detect_checksum_mismatch_via_oscilloscope" classname="test_inspectable_buffer_loader_oscilloscope_only" file="/Users/johnycsh/volo_codes/volo_vhdl/tests/test_inspectable_buffer_loader_oscilloscope_only.py" lineno="350" time="0.0005669593811035156" sim_time_ns="90.0" ratio_time="158741.5306980656" />
    <testcase name="test_all_tests_passed_marker" classname="test_inspectable_buffer_loader_oscilloscope_only" file="/Users/johnycsh/volo_codes/volo_vhdl/tests/test_inspectable_buffer_loader_oscilloscope_only.py" lineno="408" time="0.001035928726196289" sim_time_ns="0.0" ratio_time="0.0" />
  </testsuite>
</testsuites>
